============================================================
WC2026 多語言 UI/UX 3 層測試報告
============================================================

## Layer 1 測試（快速功能測試）
----------------------------------------
通過率: 100.0% (5/5)
  - Language System: ✅ Language system OK
  - All Pages Load: ✅ All pages have titles in all languages
  - Prediction Function: ✅ Prediction function OK
  - Database Load: ✅ Database OK: 1311 players, 57 teams
  - UI Design Tokens: ✅ Design tokens OK

## Layer 2 測試（壓力測試）
----------------------------------------
通過率: 100.0% (3/3)
迭代次數: 100000
執行時間: 0.00s
  - language_combinations: ✅ 1000 passed
  - page_switching: ✅ 1000 passed
  - predictions: ✅ 100 passed

## Layer 3 測試（穩定性測試）
----------------------------------------
通過率: 100.0% (3/3)
迭代次數: 1000000
執行時間: 0.01s
  - stability: ✅ 100 passed, 0 failed
  - edge_cases: ✅ 10 passed, 0 failed
  - error_recovery: ✅ 10 passed

## 總結
----------------------------------------
✅ 所有測試通過！系統穩定。